22:49:32 **** Build of project top ****
buildplatform.sh 35309 top  
XSDB Server Channel: tcfchan#1
Building the BSP Library for domain  - standalone_microblaze_0 on processor microblaze_0
make --no-print-directory seq_libs

Finished building libraries sequentially.

make -j --no-print-directory par_libs

Running Make include in microblaze_0/libsrc/standalone_v7_3/src

Running Make include in microblaze_0/libsrc/gpio_v4_7/src

make -C microblaze_0/libsrc/gpio_v4_7/src -s include  "SHELL=/bin/sh" "COMPILER=mb-gcc" "ASSEMBLER=mb-as" "ARCHIVER=mb-ar" "COM
PILER_FLAGS=  -O2 -c -mcpu=v11.0 -mlittle-endian -mxl-soft-mul" "EXTRA_COMPILER_FLAGS=-g -ffunction-sections -fdata-sections -W
all -Wextra"

make -C microblaze_0/libsrc/standalone_v7_3/src -s include  "SHELL=/bin/sh" "COMPILER=mb-gcc" "ASSEMBLER=mb-as" "ARCHIVER=mb-ar
" "COMPILER_FLAGS=  -O2 -c -mcpu=v11.0 -mlittle-endian -mxl-soft-mul" "EXTRA_COMPILER_FLAGS=-g -ffunction-sections -fdata-secti
ons -Wall -Wextra"

Running Make include in microblaze_0/libsrc/cpu_v2_12/src

make -C microblaze_0/libsrc/cpu_v2_12/src -s include  "SHELL=/bin/sh" "COMPILER=mb-gcc" "ASSEMBLER=mb-as" "ARCHIVER=mb-ar" "COM
PILER_FLAGS=  -O2 -c -mcpu=v11.0 -mlittle-endian -mxl-soft-mul" "EXTRA_COMPILER_FLAGS=-g -ffunction-sections -fdata-sections -W
all -Wextra"

Running Make include in microblaze_0/libsrc/uartlite_v3_5/src

make -C microblaze_0/libsrc/uartlite_v3_5/src -s include  "SHELL=/bin/sh" "COMPILER=mb-gcc" "ASSEMBLER=mb-as" "ARCHIVER=mb-ar" 
"COMPILER_FLAGS=  -O2 -c -mcpu=v11.0 -mlittle-endian -mxl-soft-mul" "EXTRA_COMPILER_FLAGS=-g -ffunction-sections -fdata-section
s -Wall -Wextra"

Running Make include in microblaze_0/libsrc/bram_v4_5/src

make -C microblaze_0/libsrc/bram_v4_5/src -s include  "SHELL=/bin/sh" "COMPILER=mb-gcc" "ASSEMBLER=mb-as" "ARCHIVER=mb-ar" "COM
PILER_FLAGS=  -O2 -c -mcpu=v11.0 -mlittle-endian -mxl-soft-mul" "EXTRA_COMPILER_FLAGS=-g -ffunction-sections -fdata-sections -W
all -Wextra"

Running Make libs in microblaze_0/libsrc/standalone_v7_3/src

Running Make libs in microblaze_0/libsrc/gpio_v4_7/src

make -C microblaze_0/libsrc/standalone_v7_3/src -s libs  "SHELL=/bin/sh" "COMPILER=mb-gcc" "ASSEMBLER=mb-as" "ARCHIVER=mb-ar" "
COMPILER_FLAGS=  -O2 -c -mcpu=v11.0 -mlittle-endian -mxl-soft-mul" "EXTRA_COMPILER_FLAGS=-g -ffunction-sections -fdata-sections
 -Wall -Wextra"

Running Make libs in microblaze_0/libsrc/cpu_v2_12/src

make -C microblaze_0/libsrc/gpio_v4_7/src -s libs  "SHELL=/bin/sh" "COMPILER=mb-gcc" "ASSEMBLER=mb-as" "ARCHIVER=mb-ar" "COMPIL
ER_FLAGS=  -O2 -c -mcpu=v11.0 -mlittle-endian -mxl-soft-mul" "EXTRA_COMPILER_FLAGS=-g -ffunction-sections -fdata-sections -Wall
 -Wextra"

make -C microblaze_0/libsrc/cpu_v2_12/src -s libs  "SHELL=/bin/sh" "COMPILER=mb-gcc" "ASSEMBLER=mb-as" "ARCHIVER=mb-ar" "COMPIL
ER_FLAGS=  -O2 -c -mcpu=v11.0 -mlittle-endian -mxl-soft-mul" "EXTRA_COMPILER_FLAGS=-g -ffunction-sections -fdata-sections -Wall
 -Wextra"

Running Make libs in microblaze_0/libsrc/uartlite_v3_5/src

make -C microblaze_0/libsrc/uartlite_v3_5/src -s libs  "SHELL=/bin/sh" "COMPILER=mb-gcc" "ASSEMBLER=mb-as" "ARCHIVER=mb-ar" "CO
MPILER_FLAGS=  -O2 -c -mcpu=v11.0 -mlittle-endian -mxl-soft-mul" "EXTRA_COMPILER_FLAGS=-g -ffunction-sections -fdata-sections -
Wall -Wextra"

Running Make libs in microblaze_0/libsrc/bram_v4_5/src

make -C microblaze_0/libsrc/bram_v4_5/src -s libs  "SHELL=/bin/sh" "COMPILER=mb-gcc" "ASSEMBLER=mb-as" "ARCHIVER=mb-ar" "COMPIL
ER_FLAGS=  -O2 -c -mcpu=v11.0 -mlittle-endian -mxl-soft-mul" "EXTRA_COMPILER_FLAGS=-g -ffunction-sections -fdata-sections -Wall
 -Wextra"

microblaze_sleep.c:55:9: note: #pragma message: For the sleep routines, assembly instructions are used
   55 | #pragma message ("For the sleep routines, assembly instructions are used")
      |         ^~~~~~~
DEBUG NON_LTO_OBJECTS is ../../../lib/microblaze_interrupt_handler.o

Finished building libraries parallelly.

make --no-print-directory archive

mb-ar -r  microblaze_0/lib/libxil.a microblaze_0/lib/microblaze_enable_interrupts.o microblaze_0/lib/xil_assert.o microblaze_0/
lib/xgpio_sinit.o microblaze_0/lib/_exit.o microblaze_0/lib/microblaze_flush_dcache.o microblaze_0/lib/microblaze_update_icache
.o microblaze_0/lib/xil_testmem.o microblaze_0/lib/xgpio.o microblaze_0/lib/pvr.o microblaze_0/lib/xil_exception.o microblaze_0
/lib/microblaze_invalidate_cache_ext_range.o microblaze_0/lib/xuartlite_stats.o microblaze_0/lib/xuartlite_l.o microblaze_0/lib
/errno.o microblaze_0/lib/microblaze_init_dcache_range.o microblaze_0/lib/microblaze_invalidate_icache_range.o microblaze_0/lib
/xuartlite_intr.o microblaze_0/lib/xbram.o microblaze_0/lib/microblaze_enable_dcache.o microblaze_0/lib/microblaze_enable_excep
tions.o microblaze_0/lib/microblaze_interrupts_g.o microblaze_0/lib/microblaze_selftest.o microblaze_0/lib/xil_testcache.o micr
oblaze_0/lib/xil_util.o microblaze_0/lib/xuartlite_selftest.o microblaze_0/lib/hw_exception_handler.o microblaze_0/lib/xuartlit
e_sinit.o microblaze_0/lib/microblaze_sleep.o microblaze_0/lib/microblaze_invalidate_cache_ext.o microblaze_0/lib/xuartlite_g.o
 microblaze_0/lib/microblaze_invalidate_dcache_range.o microblaze_0/lib/xgpio_intr.o microblaze_0/lib/microblaze_invalidate_ica
che.o microblaze_0/lib/outbyte.o microblaze_0/lib/xio.o microblaze_0/lib/xil_printf.o microblaze_0/lib/xil_sleepcommon.o microb
laze_0/lib/xbram_intr.o microblaze_0/lib/xgpio_selftest.o microblaze_0/lib/microblaze_update_dcache.o microblaze_0/lib/microbla
ze_flush_cache_ext_range.o microblaze_0/lib/xil_clocking.o microblaze_0/lib/microblaze_disable_icache.o microblaze_0/lib/xgpio_
g.o microblaze_0/lib/microblaze_interrupt_handler.o microblaze_0/lib/xbram_selftest.o microblaze_0/lib/microblaze_disable_inter
rupts.o microblaze_0/lib/microblaze_invalidate_dcache.o microblaze_0/lib/microblaze_scrub.o microblaze_0/lib/xbram_sinit.o micr
oblaze_0/lib/xbram_g.o microblaze_0/lib/microblaze_exception_handler.o microblaze_0/lib/inbyte.o microblaze_0/lib/xil_cache.o m
icroblaze_0/lib/xil_misc_psreset_api.o microblaze_0/lib/microblaze_flush_cache_ext.o microblaze_0/lib/microblaze_flush_dcache_r
ange.o microblaze_0/lib/microblaze_enable_icache.o microblaze_0/lib/microblaze_disable_dcache.o microblaze_0/lib/xil_testio.o m
icroblaze_0/lib/print.o microblaze_0/lib/microblaze_disable_exceptions.o microblaze_0/lib/xuartlite.o microblaze_0/lib/xplatfor
m_info.o microblaze_0/lib/microblaze_init_icache_range.o microblaze_0/lib/fcntl.o microblaze_0/lib/xgpio_extra.o microblaze_0/l
ib/xil_mem.o

/tools/Xilinx/Vitis/2020.2/gnu/microblaze/lin/bin/../x86_64-oesdk-linux/usr/bin/microblaze-xilinx-elf/microblaze-xilinx-elf-ar.real: creating microblaze_0/lib/libxil.a
Finished building libraries

22:49:40 **** Build of configuration Debug for project MIcroBlazerTP8 ****
make all 
Building file: ../src/platform.c
Invoking: MicroBlaze gcc compiler
mb-gcc -Wall -O0 -g3 -c -fmessage-length=0 -MT"src/platform.o" -I/home/danielito/Escritorio/Vivado_proyect/Vitis_proyect/TP8_FInal/top/export/top/sw/top/standalone_microblaze_0/bspinclude/include -mlittle-endian -mcpu=v11.0 -mxl-soft-mul -Wl,--no-relax -ffunction-sections -fdata-sections -MMD -MP -MF"src/platform.d" -MT"src/platform.o" -o "src/platform.o" "../src/platform.c"
Finished building: ../src/platform.c
 
Building file: ../src/protocolo_main.c
Invoking: MicroBlaze gcc compiler
mb-gcc -Wall -O0 -g3 -c -fmessage-length=0 -MT"src/protocolo_main.o" -I/home/danielito/Escritorio/Vivado_proyect/Vitis_proyect/TP8_FInal/top/export/top/sw/top/standalone_microblaze_0/bspinclude/include -mlittle-endian -mcpu=v11.0 -mxl-soft-mul -Wl,--no-relax -ffunction-sections -fdata-sections -MMD -MP -MF"src/protocolo_main.d" -MT"src/protocolo_main.o" -o "src/protocolo_main.o" "../src/protocolo_main.c"
../src/protocolo_main.c: In function 'main':
../src/protocolo_main.c:76:3: warning: implicit declaration of function 'read'; did you mean 'fread'? [-Wimplicit-function-declaration]
   76 |   read(stdin,&dato[0],1); //Lectura de puerto serie
      |   ^~~~
      |   fread
Finished building: ../src/protocolo_main.c
 
Building target: MIcroBlazerTP8.elf
Invoking: MicroBlaze gcc linker
mb-gcc -Wl,-T -Wl,../src/lscript.ld -L/home/danielito/Escritorio/Vivado_proyect/Vitis_proyect/TP8_FInal/top/export/top/sw/top/standalone_microblaze_0/bsplib/lib -mlittle-endian -mcpu=v11.0 -mxl-soft-mul -Wl,--no-relax -Wl,--gc-sections -o "MIcroBlazerTP8.elf"  ./src/platform.o ./src/protocolo_main.o   -Wl,--start-group,-lxil,-lgcc,-lc,--end-group
Finished building target: MIcroBlazerTP8.elf
 
Invoking: MicroBlaze Print Size
mb-size MIcroBlazerTP8.elf  |tee "MIcroBlazerTP8.elf.size"
   text	   data	    bss	    dec	    hex	filename
   7080	    304	   3248	  10632	   2988	MIcroBlazerTP8.elf
Finished building: MIcroBlazerTP8.elf.size
 
22:49:43 **** Build of configuration Debug for project MIcroBlazerTP8_system ****
make all 
Skipping SD card image generation. Reason: The system project only has applications for microblaze processors.
